// Jest Snapshot v1, https://goo.gl/fbAQLP

exports[`CommuteRoutesDescription placeholder test Matches the snapshot 1`] = `
<div>
  <div
    data-testid="commuteRoutesDescription-placeholder"
  >
    <img
      alt="Commute Map"
      height="135px"
      src="https://i.stack.imgur.com/8kOXQ.jpg"
      width="330px"
    />
    <div
      class="makeStyles-container-1"
    >
      <div
        class="makeStyles-location-2"
      >
        <svg
          aria-hidden="true"
          class="MuiSvgIcon-root makeStyles-icon-4"
          focusable="false"
          viewBox="0 0 24 24"
        >
          <circle
            cx="12"
            cy="12"
            r="8"
          />
        </svg>
        <h4
          class="MuiTypography-root makeStyles-font-3 makeStyles-typoMargin-5 MuiTypography-h4"
        >
           
          Hyderabad, Telangana, India
           
        </h4>
        <svg
          aria-hidden="true"
          class="MuiSvgIcon-root makeStyles-icon-4 makeStyles-closeIcon-6"
          focusable="false"
          viewBox="0 0 24 24"
        >
          <path
            d="M19 6.41L17.59 5 12 10.59 6.41 5 5 6.41 10.59 12 5 17.59 6.41 19 12 13.41 17.59 19 19 17.59 13.41 12 19 6.41z"
          />
        </svg>
      </div>
    </div>
    <div
      class="makeStyles-container-1"
    >
      <div
        class="makeStyles-location-2"
      >
        <svg
          aria-hidden="true"
          class="MuiSvgIcon-root makeStyles-icon-4"
          focusable="false"
          viewBox="0 0 24 24"
        >
          <path
            d="M12 2C8.13 2 5 5.13 5 9c0 5.25 7 13 7 13s7-7.75 7-13c0-3.87-3.13-7-7-7zM7 9c0-2.76 2.24-5 5-5s5 2.24 5 5c0 2.88-2.88 7.19-5 9.88C9.92 16.21 7 11.85 7 9z"
          />
          <circle
            cx="12"
            cy="9"
            r="2.5"
          />
        </svg>
        <h4
          class="MuiTypography-root makeStyles-font-3 makeStyles-typoMargin-5 MuiTypography-h4"
        >
           
          Hyderabad, Telangana, India
           
        </h4>
      </div>
    </div>
  </div>
</div>
`;
