// Jest Snapshot v1, https://goo.gl/fbAQLP

exports[`Filter Type placeholder test Matches the snapshot 1`] = `
<div>
  <div
    data-testid="filter-type"
  >
    <div
      class="makeStyles-heading-1"
    >
      Distance
    </div>
    <div>
      <div
        class="makeStyles-fliterLabel-2"
      >
        <label
          class="MuiFormControlLabel-root"
          data-testid="filter"
        >
          <span
            aria-disabled="false"
            class="MuiButtonBase-root MuiIconButton-root PrivateSwitchBase-root-6 MuiCheckbox-root Component-root-4"
            data-testid="filter-checkbox"
          >
            <span
              class="MuiIconButton-label"
            >
              <input
                class="PrivateSwitchBase-input-9"
                data-indeterminate="false"
                name="0-10 kms"
                type="checkbox"
                value=""
              />
              <svg
                aria-hidden="true"
                class="MuiSvgIcon-root"
                focusable="false"
                viewBox="0 0 24 24"
              >
                <path
                  d="M19 5v14H5V5h14m0-2H5c-1.1 0-2 .9-2 2v14c0 1.1.9 2 2 2h14c1.1 0 2-.9 2-2V5c0-1.1-.9-2-2-2z"
                />
              </svg>
            </span>
            <span
              class="MuiTouchRipple-root"
            />
          </span>
          <span
            class="MuiTypography-root MuiFormControlLabel-label MuiTypography-body1"
          >
            <span
              class="makeStyles-checkboxLabel-3"
            >
              0-10 kms
            </span>
          </span>
        </label>
      </div>
    </div>
    <div>
      <div
        class="makeStyles-fliterLabel-2"
      >
        <label
          class="MuiFormControlLabel-root"
          data-testid="filter"
        >
          <span
            aria-disabled="false"
            class="MuiButtonBase-root MuiIconButton-root PrivateSwitchBase-root-6 MuiCheckbox-root Component-root-4"
            data-testid="filter-checkbox"
          >
            <span
              class="MuiIconButton-label"
            >
              <input
                class="PrivateSwitchBase-input-9"
                data-indeterminate="false"
                name="10-20 kms"
                type="checkbox"
                value=""
              />
              <svg
                aria-hidden="true"
                class="MuiSvgIcon-root"
                focusable="false"
                viewBox="0 0 24 24"
              >
                <path
                  d="M19 5v14H5V5h14m0-2H5c-1.1 0-2 .9-2 2v14c0 1.1.9 2 2 2h14c1.1 0 2-.9 2-2V5c0-1.1-.9-2-2-2z"
                />
              </svg>
            </span>
            <span
              class="MuiTouchRipple-root"
            />
          </span>
          <span
            class="MuiTypography-root MuiFormControlLabel-label MuiTypography-body1"
          >
            <span
              class="makeStyles-checkboxLabel-3"
            >
              10-20 kms
            </span>
          </span>
        </label>
      </div>
    </div>
    <div>
      <div
        class="makeStyles-fliterLabel-2"
      >
        <label
          class="MuiFormControlLabel-root"
          data-testid="filter"
        >
          <span
            aria-disabled="false"
            class="MuiButtonBase-root MuiIconButton-root PrivateSwitchBase-root-6 MuiCheckbox-root Component-root-4"
            data-testid="filter-checkbox"
          >
            <span
              class="MuiIconButton-label"
            >
              <input
                class="PrivateSwitchBase-input-9"
                data-indeterminate="false"
                name="20-30 kms"
                type="checkbox"
                value=""
              />
              <svg
                aria-hidden="true"
                class="MuiSvgIcon-root"
                focusable="false"
                viewBox="0 0 24 24"
              >
                <path
                  d="M19 5v14H5V5h14m0-2H5c-1.1 0-2 .9-2 2v14c0 1.1.9 2 2 2h14c1.1 0 2-.9 2-2V5c0-1.1-.9-2-2-2z"
                />
              </svg>
            </span>
            <span
              class="MuiTouchRipple-root"
            />
          </span>
          <span
            class="MuiTypography-root MuiFormControlLabel-label MuiTypography-body1"
          >
            <span
              class="makeStyles-checkboxLabel-3"
            >
              20-30 kms
            </span>
          </span>
        </label>
      </div>
    </div>
    <div>
      <div
        class="makeStyles-fliterLabel-2"
      >
        <label
          class="MuiFormControlLabel-root"
          data-testid="filter"
        >
          <span
            aria-disabled="false"
            class="MuiButtonBase-root MuiIconButton-root PrivateSwitchBase-root-6 MuiCheckbox-root Component-root-4"
            data-testid="filter-checkbox"
          >
            <span
              class="MuiIconButton-label"
            >
              <input
                class="PrivateSwitchBase-input-9"
                data-indeterminate="false"
                name="30-40 kms"
                type="checkbox"
                value=""
              />
              <svg
                aria-hidden="true"
                class="MuiSvgIcon-root"
                focusable="false"
                viewBox="0 0 24 24"
              >
                <path
                  d="M19 5v14H5V5h14m0-2H5c-1.1 0-2 .9-2 2v14c0 1.1.9 2 2 2h14c1.1 0 2-.9 2-2V5c0-1.1-.9-2-2-2z"
                />
              </svg>
            </span>
            <span
              class="MuiTouchRipple-root"
            />
          </span>
          <span
            class="MuiTypography-root MuiFormControlLabel-label MuiTypography-body1"
          >
            <span
              class="makeStyles-checkboxLabel-3"
            >
              30-40 kms
            </span>
          </span>
        </label>
      </div>
    </div>
  </div>
</div>
`;
