// Jest Snapshot v1, https://goo.gl/fbAQLP

exports[`Back button Matches the snapshot 1`] = `
<div>
  <div
    class="makeStyles-backButton-1"
    data-testid="back-button"
    id="backButton"
  >
    <svg
      aria-hidden="true"
      class="MuiSvgIcon-root makeStyles-backIcon-2"
      focusable="false"
      viewBox="0 0 24 24"
    >
      <path
        d="M20 11H7.83l5.59-5.59L12 4l-8 8 8 8 1.41-1.41L7.83 13H20v-2z"
      />
    </svg>
    <span
      class="makeStyles-buttonLabel-3"
    />
  </div>
</div>
`;
