// Jest Snapshot v1, https://goo.gl/fbAQLP

exports[`CardLabel placeholder test Matches the snapshot 1`] = `
<div>
  <h4
    class="MuiTypography-root makeStyles-primary-1 MuiTypography-h4"
    data-testid="cardLabel-placeholder"
  >
    Hyderabad
  </h4>
</div>
`;
