// Jest Snapshot v1, https://goo.gl/fbAQLP

exports[`CompanyLogo placeholder test Matches the snapshot 1`] = `
<div>
  <div
    data-testid="img-placeholder"
  >
    <img
      class="makeStyles-secondary-2"
    />
  </div>
</div>
`;
