// Jest Snapshot v1, https://goo.gl/fbAQLP

exports[`LabelNumber test Matches the snapshot 1`] = `
<div>
  <div
    class="MuiAvatar-root MuiAvatar-circle makeStyles-unvisited-1 MuiAvatar-colorDefault"
    data-testid="label-number"
  >
    1
  </div>
</div>
`;
