// Jest Snapshot v1, https://goo.gl/fbAQLP

exports[`Stepper Label test Matches the snapshot 1`] = `
<div>
  <p
    class="MuiTypography-root makeStyles-root-1 MuiTypography-body1"
    data-testid="stepper-label"
    style="color: rgb(90, 197, 104); font-size: 18px; margin-right: 15px;"
  >
    Your Skills
  </p>
</div>
`;
