// Jest Snapshot v1, https://goo.gl/fbAQLP

exports[`TabItem test Matches the snapshot 1`] = `
<div>
  <div
    aria-disabled="false"
    class="MuiButtonBase-root MuiListItem-root makeStyles-mockItem-1 MuiListItem-gutters MuiListItem-button"
    data-testid="tab-item"
    role="button"
    style="background-color: rgba(90, 197, 104, 0.15);"
    tabindex="0"
  >
    <div
      class="MuiListItemIcon-root makeStyles-activeIcon-5"
    >
      <svg
        aria-hidden="true"
        class="MuiSvgIcon-root"
        focusable="false"
        viewBox="0 0 24 24"
      >
        <path
          d="M19 5v2h-4V5h4M9 5v6H5V5h4m10 8v6h-4v-6h4M9 17v2H5v-2h4M21 3h-8v6h8V3zM11 3H3v10h8V3zm10 8h-8v10h8V11zm-10 4H3v6h8v-6z"
        />
      </svg>
    </div>
    <div
      class="MuiListItemText-root makeStyles-activeItem-2"
    >
      <p
        class="MuiTypography-root makeStyles-label-6 MuiTypography-body1"
      >
        Dashboard
      </p>
    </div>
    <span
      class="MuiTouchRipple-root"
    />
  </div>
</div>
`;
